M1qteYBJiII | I Asked Google Manager About Massive IT Layoffs and How to Be Prepared
vDjW_dRyKXY | Rails World 2026 Opening Keynote - DHH
8QK24B4RJBk | Chakravyuh Show LIVE: चक्रव्यूह में मनोज तिवारी LIVE | Manoj Tiwari Interview | NDTV India
EgsNAT6LoPc | Heated Live TV Clash🔥: Manoj Tiwari Roasted by Reporters? | Full Interview Analysis 
nrVyl0awWsw | Building a ₹1000 Cr Brand: What Every Startup Must Know | Shiv Shivakumar | FO463 Raj Shamani
oX5Y26O5dBE | 15 SQL Interview Questions TO GET YOU HIRED in 2026 | SQL Interview Questions & Answers |Intellipaat
8I1fFaXhbF4 | I Survived 100 Days on a Deserted Island in Minecraft Hardcore
5PrZvPeUw60 | COMPLETE Data Analytics Portfolio Project in 6 EASY Steps | Python + SQL + Power BI
VaSjiJMrq24 | Data Analytics FULL Course for Beginners to Pro in 29 HOURS - 2025 Edition
pVMM23kUVH8 | Am I Alone
f0PvEs5l1qs | I Don't Have Good News for Freshers
jF3W7EkXd4k | He Realized his Mistake
UEr2UMIskEA | How This Girl Went From ₹20,000 To ₹4,50,000 Per Month l Decode
eJZFUEQebbI | No Boss, No Money: The Raw Reality of China’s Gen-Z Freelancers
OuNKBjuV7A4 | DHH has gone completely off the rails...
KvLWuK2TU-w | We Built the Product Apple Gave Up On...
L4JNj0n0JCY | How to contribute to Hacktoberfest 2026 for beginners with Kestra and win prizes!
a3XHF20womw | I Bought My First House worth 2CR for My Parents at the Age of 25!
zesdXeaLCDI | Legendary Programmers
M1qteYBJiII | I Asked Google Manager About Massive IT Layoffs and How to Be Prepared
vDjW_dRyKXY | Rails World 2026 Opening Keynote - DHH
8QK24B4RJBk | Chakravyuh Show LIVE: चक्रव्यूह में मनोज तिवारी LIVE | Manoj Tiwari Interview | NDTV India
EgsNAT6LoPc | Heated Live TV Clash🔥: Manoj Tiwari Roasted by Reporters? | Full Interview Analysis 
nrVyl0awWsw | Building a ₹1000 Cr Brand: What Every Startup Must Know | Shiv Shivakumar | FO463 Raj Shamani
oX5Y26O5dBE | 15 SQL Interview Questions TO GET YOU HIRED in 2026 | SQL Interview Questions & Answers |Intellipaat
8I1fFaXhbF4 | I Survived 100 Days on a Deserted Island in Minecraft Hardcore
5PrZvPeUw60 | COMPLETE Data Analytics Portfolio Project in 6 EASY Steps | Python + SQL + Power BI
VaSjiJMrq24 | Data Analytics FULL Course for Beginners to Pro in 29 HOURS - 2025 Edition
pVMM23kUVH8 | Am I Alone
f0PvEs5l1qs | I Don't Have Good News for Freshers
jF3W7EkXd4k | He Realized his Mistake
UEr2UMIskEA | How This Girl Went From ₹20,000 To ₹4,50,000 Per Month l Decode
eJZFUEQebbI | No Boss, No Money: The Raw Reality of China’s Gen-Z Freelancers
OuNKBjuV7A4 | DHH has gone completely off the rails...
KvLWuK2TU-w | We Built the Product Apple Gave Up On...
L4JNj0n0JCY | How to contribute to Hacktoberfest 2026 for beginners with Kestra and win prizes!
a3XHF20womw | I Bought My First House worth 2CR for My Parents at the Age of 25!
zesdXeaLCDI | Legendary Programmers
M1qteYBJiII | I Asked Google Manager About Massive IT Layoffs and How to Be Prepared
vDjW_dRyKXY | Rails World 2026 Opening Keynote - DHH
8QK24B4RJBk | Chakravyuh Show LIVE: चक्रव्यूह में मनोज तिवारी LIVE | Manoj Tiwari Interview | NDTV India
EgsNAT6LoPc | Heated Live TV Clash🔥: Manoj Tiwari Roasted by Reporters? | Full Interview Analysis 
inreqB1J-z4 | Microsoft Announce Majorana 2 Quantum Chip
tSChZ0l8yI8 | Aisa Banna Sanwarna Mubarak Tumhe    Nusrat Fateh Ali Khan    Lyrics in Description
V1oczq_8L0E | ISHQ MUBARAK Full Video Song || Tum Bin 2 || Arijit Singh | Neha Sharma, Aditya Seal & Aashim Gulati
mV1Nj3eUqN8 | A Proper Criticism of Theo (@t3dotgg)
vF6dV6H8QFA | Casual - Tea | Stand Up Comedy Special by Madhur Virli
SGo4ojeJPSo | WHOOPS!
zQjgD3WlUTE | Funk de Beleza (Slowed)
xDztJCEQNHk | चूल्हे का स्वाद #roti #cooking
tjzj1chv41Y | DJ LA Beat, Mc Gw - MONTAGEM - GLITCH
uzHgK4kgZSk | sma$her & MC DA$ILVA - BAILA LENTO 💫 BRAZILIAN FUNK PHONK
